/cgi.cgi/admin.cgi
/cgi.cgi/administrator.cgi
/cgi.cgi/authLogin.cgi
/cgi.cgi/bb-hist.sh
/cgi.cgi/banner.cgi
/cgi.cgi/book.cgi
/cgi.cgi/cgiinfo.cgi
/cgi.cgi/cgitest.py
/cgi.cgi/cgi_wrapper
/cgi.cgi/contact.cgi
/cgi.cgi/count.cgi
/cgi.cgi/defaultwebpage.cgi
/cgi.cgi/download.cgi
/cgi.cgi/entropysearch.cgi
/cgi.cgi/env.cgi
/cgi.cgi/environment.cgi
/cgi.cgi/ezmlm-browse
/cgi.cgi/formmail.cgi
/cgi.cgi/FormMail-clone.cgi
/cgi.cgi/guestbook.cgi
/cgi.cgi/helpdesk.cgi
/cgi.cgi/index.cgi
/cgi.cgi/index.php
/cgi.cgi/index.pl
/cgi.cgi/info.cgi
/cgi.cgi/info.sh
/cgi.cgi/loadpage.cgi
/cgi.cgi/login.cgi
/cgi.cgi/login.php
/cgi.cgi/login.pl
/cgi.cgi/pathtest.pl
/cgi.cgi/php
/cgi.cgi/php4
/cgi.cgi/php5
/cgi.cgi/php-cgi
/cgi.cgi/php.cgi
/cgi.cgi/php.fcgi
/cgi.cgi/printenv
/cgi.cgi/restore_config.cgi
/cgi.cgi/ruby.rb
/cgi.cgi/search
/cgi.cgi/search.cgi
/cgi.cgi/server.php
/cgi.cgi/status
/cgi.cgi/sysinfo.pl
/cgi.cgi/test
/cgi.cgi/test-cgi
/cgi.cgi/test.cgi
/cgi.cgi/test_cgi.php
/cgi.cgi/test.cgi.php
/cgi.cgi/test_cgi.pl
/cgi.cgi/test-cgi.pl
/cgi.cgi/test.py
/cgi.cgi/test.sh
/cgi.cgi/tmUnblock.cgi
/cgi.cgi/uname.cgi
/cgi.cgi/viewcvs.cgi
/cgi.cgi/welcome
/cgi.cgi/whois.cgi
/webcgi/admin.cgi
/webcgi/administrator.cgi
/webcgi/authLogin.cgi
/webcgi/bb-hist.sh
/webcgi/banner.cgi
/webcgi/book.cgi
/webcgi/cgiinfo.cgi
/webcgi/cgitest.py
/webcgi/cgi_wrapper
/webcgi/contact.cgi
/webcgi/count.cgi
/webcgi/defaultwebpage.cgi
/webcgi/download.cgi
/webcgi/entropysearch.cgi
/webcgi/env.cgi
/webcgi/environment.cgi
/webcgi/ezmlm-browse
/webcgi/formmail.cgi
/webcgi/FormMail-clone.cgi
/webcgi/guestbook.cgi
/webcgi/helpdesk.cgi
/webcgi/index.cgi
/webcgi/index.php
/webcgi/index.pl
/webcgi/info.cgi
/webcgi/info.sh
/webcgi/loadpage.cgi
/webcgi/login.cgi
/webcgi/login.php
/webcgi/login.pl
/webcgi/pathtest.pl
/webcgi/php
/webcgi/php4
/webcgi/php5
/webcgi/php-cgi
/webcgi/php.cgi
/webcgi/php.fcgi
/webcgi/printenv
/webcgi/restore_config.cgi
/webcgi/ruby.rb
/webcgi/search
/webcgi/search.cgi
/webcgi/server.php
/webcgi/status
/webcgi/sysinfo.pl
/webcgi/test
/webcgi/test-cgi
/webcgi/test.cgi
/webcgi/test_cgi.php
/webcgi/test.cgi.php
/webcgi/test_cgi.pl
/webcgi/test-cgi.pl
/webcgi/test.py
/webcgi/test.sh
/webcgi/tmUnblock.cgi
/webcgi/uname.cgi
/webcgi/viewcvs.cgi
/webcgi/welcome
/webcgi/whois.cgi
/cgi-914/admin.cgi
/cgi-914/administrator.cgi
/cgi-914/authLogin.cgi
/cgi-914/bb-hist.sh
/cgi-914/banner.cgi
/cgi-914/book.cgi
/cgi-914/cgiinfo.cgi
/cgi-914/cgitest.py
/cgi-914/cgi_wrapper
/cgi-914/contact.cgi
/cgi-914/count.cgi
/cgi-914/defaultwebpage.cgi
/cgi-914/download.cgi
/cgi-914/entropysearch.cgi
/cgi-914/env.cgi
/cgi-914/environment.cgi
/cgi-914/ezmlm-browse
/cgi-914/formmail.cgi
/cgi-914/FormMail-clone.cgi
/cgi-914/guestbook.cgi
/cgi-914/helpdesk.cgi
/cgi-914/index.cgi
/cgi-914/index.php
/cgi-914/index.pl
/cgi-914/info.cgi
/cgi-914/info.sh
/cgi-914/loadpage.cgi
/cgi-914/login.cgi
/cgi-914/login.php
/cgi-914/login.pl
/cgi-914/pathtest.pl
/cgi-914/php
/cgi-914/php4
/cgi-914/php5
/cgi-914/php-cgi
/cgi-914/php.cgi
/cgi-914/php.fcgi
/cgi-914/printenv
/cgi-914/restore_config.cgi
/cgi-914/ruby.rb
/cgi-914/search
/cgi-914/search.cgi
/cgi-914/server.php
/cgi-914/status
/cgi-914/sysinfo.pl
/cgi-914/test
/cgi-914/test-cgi
/cgi-914/test.cgi
/cgi-914/test_cgi.php
/cgi-914/test.cgi.php
/cgi-914/test_cgi.pl
/cgi-914/test-cgi.pl
/cgi-914/test.py
/cgi-914/test.sh
/cgi-914/tmUnblock.cgi
/cgi-914/uname.cgi
/cgi-914/viewcvs.cgi
/cgi-914/welcome
/cgi-914/whois.cgi
/cgi-915/admin.cgi
/cgi-915/administrator.cgi
/cgi-915/authLogin.cgi
/cgi-915/bb-hist.sh
/cgi-915/banner.cgi
/cgi-915/book.cgi
/cgi-915/cgiinfo.cgi
/cgi-915/cgitest.py
/cgi-915/cgi_wrapper
/cgi-915/contact.cgi
/cgi-915/count.cgi
/cgi-915/defaultwebpage.cgi
/cgi-915/download.cgi
/cgi-915/entropysearch.cgi
/cgi-915/env.cgi
/cgi-915/environment.cgi
/cgi-915/ezmlm-browse
/cgi-915/formmail.cgi
/cgi-915/FormMail-clone.cgi
/cgi-915/guestbook.cgi
/cgi-915/helpdesk.cgi
/cgi-915/index.cgi
/cgi-915/index.php
/cgi-915/index.pl
/cgi-915/info.cgi
/cgi-915/info.sh
/cgi-915/loadpage.cgi
/cgi-915/login.cgi
/cgi-915/login.php
/cgi-915/login.pl
/cgi-915/pathtest.pl
/cgi-915/php
/cgi-915/php4
/cgi-915/php5
/cgi-915/php-cgi
/cgi-915/php.cgi
/cgi-915/php.fcgi
/cgi-915/printenv
/cgi-915/restore_config.cgi
/cgi-915/ruby.rb
/cgi-915/search
/cgi-915/search.cgi
/cgi-915/server.php
/cgi-915/status
/cgi-915/sysinfo.pl
/cgi-915/test
/cgi-915/test-cgi
/cgi-915/test.cgi
/cgi-915/test_cgi.php
/cgi-915/test.cgi.php
/cgi-915/test_cgi.pl
/cgi-915/test-cgi.pl
/cgi-915/test.py
/cgi-915/test.sh
/cgi-915/tmUnblock.cgi
/cgi-915/uname.cgi
/cgi-915/viewcvs.cgi
/cgi-915/welcome
/cgi-915/whois.cgi
/bin/admin.cgi
/bin/administrator.cgi
/bin/authLogin.cgi
/bin/bb-hist.sh
/bin/banner.cgi
/bin/book.cgi
/bin/cgiinfo.cgi
/bin/cgitest.py
/bin/cgi_wrapper
/bin/contact.cgi
/bin/count.cgi
/bin/defaultwebpage.cgi
/bin/download.cgi
/bin/entropysearch.cgi
/bin/env.cgi
/bin/environment.cgi
/bin/ezmlm-browse
/bin/formmail.cgi
/bin/FormMail-clone.cgi
/bin/guestbook.cgi
/bin/helpdesk.cgi
/bin/index.cgi
/bin/index.php
/bin/index.pl
/bin/info.cgi
/bin/info.sh
/bin/loadpage.cgi
/bin/login.cgi
/bin/login.php
/bin/login.pl
/bin/pathtest.pl
/bin/php
/bin/php4
/bin/php5
/bin/php-cgi
/bin/php.cgi
/bin/php.fcgi
/bin/printenv
/bin/restore_config.cgi
/bin/ruby.rb
/bin/search
/bin/search.cgi
/bin/server.php
/bin/status
/bin/sysinfo.pl
/bin/test
/bin/test-cgi
/bin/test.cgi
/bin/test_cgi.php
/bin/test.cgi.php
/bin/test_cgi.pl
/bin/test-cgi.pl
/bin/test.py
/bin/test.sh
/bin/tmUnblock.cgi
/bin/uname.cgi
/bin/viewcvs.cgi
/bin/welcome
/bin/whois.cgi
/cgi/admin.cgi
/cgi/administrator.cgi
/cgi/authLogin.cgi
/cgi/bb-hist.sh
/cgi/banner.cgi
/cgi/book.cgi
/cgi/cgiinfo.cgi
/cgi/cgitest.py
/cgi/cgi_wrapper
/cgi/contact.cgi
/cgi/count.cgi
/cgi/defaultwebpage.cgi
/cgi/download.cgi
/cgi/entropysearch.cgi
/cgi/env.cgi
/cgi/environment.cgi
/cgi/ezmlm-browse
/cgi/formmail.cgi
/cgi/FormMail-clone.cgi
/cgi/guestbook.cgi
/cgi/helpdesk.cgi
/cgi/index.cgi
/cgi/index.php
/cgi/index.pl
/cgi/info.cgi
/cgi/info.sh
/cgi/loadpage.cgi
/cgi/login.cgi
/cgi/login.php
/cgi/login.pl
/cgi/pathtest.pl
/cgi/php
/cgi/php4
/cgi/php5
/cgi/php-cgi
/cgi/php.cgi
/cgi/php.fcgi
/cgi/printenv
/cgi/restore_config.cgi
/cgi/ruby.rb
/cgi/search
/cgi/search.cgi
/cgi/server.php
/cgi/status
/cgi/sysinfo.pl
/cgi/test
/cgi/test-cgi
/cgi/test.cgi
/cgi/test_cgi.php
/cgi/test.cgi.php
/cgi/test_cgi.pl
/cgi/test-cgi.pl
/cgi/test.py
/cgi/test.sh
/cgi/tmUnblock.cgi
/cgi/uname.cgi
/cgi/viewcvs.cgi
/cgi/welcome
/cgi/whois.cgi
/mpcgi/admin.cgi
/mpcgi/administrator.cgi
/mpcgi/authLogin.cgi
/mpcgi/bb-hist.sh
/mpcgi/banner.cgi
/mpcgi/book.cgi
/mpcgi/cgiinfo.cgi
/mpcgi/cgitest.py
/mpcgi/cgi_wrapper
/mpcgi/contact.cgi
/mpcgi/count.cgi
/mpcgi/defaultwebpage.cgi
/mpcgi/download.cgi
/mpcgi/entropysearch.cgi
/mpcgi/env.cgi
/mpcgi/environment.cgi
/mpcgi/ezmlm-browse
/mpcgi/formmail.cgi
/mpcgi/FormMail-clone.cgi
/mpcgi/guestbook.cgi
/mpcgi/helpdesk.cgi
/mpcgi/index.cgi
/mpcgi/index.php
/mpcgi/index.pl
/mpcgi/info.cgi
/mpcgi/info.sh
/mpcgi/loadpage.cgi
/mpcgi/login.cgi
/mpcgi/login.php
/mpcgi/login.pl
/mpcgi/pathtest.pl
/mpcgi/php
/mpcgi/php4
/mpcgi/php5
/mpcgi/php-cgi
/mpcgi/php.cgi
/mpcgi/php.fcgi
/mpcgi/printenv
/mpcgi/restore_config.cgi
/mpcgi/ruby.rb
/mpcgi/search
/mpcgi/search.cgi
/mpcgi/server.php
/mpcgi/status
/mpcgi/sysinfo.pl
/mpcgi/test
/mpcgi/test-cgi
/mpcgi/test.cgi
/mpcgi/test_cgi.php
/mpcgi/test.cgi.php
/mpcgi/test_cgi.pl
/mpcgi/test-cgi.pl
/mpcgi/test.py
/mpcgi/test.sh
/mpcgi/tmUnblock.cgi
/mpcgi/uname.cgi
/mpcgi/viewcvs.cgi
/mpcgi/welcome
/mpcgi/whois.cgi
/cgi-bin/admin.cgi
/cgi-bin/administrator.cgi
/cgi-bin/authLogin.cgi
/cgi-bin/bb-hist.sh
/cgi-bin/banner.cgi
/cgi-bin/book.cgi
/cgi-bin/cgiinfo.cgi
/cgi-bin/cgitest.py
/cgi-bin/cgi_wrapper
/cgi-bin/contact.cgi
/cgi-bin/count.cgi
/cgi-bin/defaultwebpage.cgi
/cgi-bin/download.cgi
/cgi-bin/entropysearch.cgi
/cgi-bin/env.cgi
/cgi-bin/environment.cgi
/cgi-bin/ezmlm-browse
/cgi-bin/formmail.cgi
/cgi-bin/FormMail-clone.cgi
/cgi-bin/guestbook.cgi
/cgi-bin/helpdesk.cgi
/cgi-bin/index.cgi
/cgi-bin/index.php
/cgi-bin/index.pl
/cgi-bin/info.cgi
/cgi-bin/info.sh
/cgi-bin/loadpage.cgi
/cgi-bin/login.cgi
/cgi-bin/login.php
/cgi-bin/login.pl
/cgi-bin/pathtest.pl
/cgi-bin/php
/cgi-bin/php4
/cgi-bin/php5
/cgi-bin/php-cgi
/cgi-bin/php.cgi
/cgi-bin/php.fcgi
/cgi-bin/printenv
/cgi-bin/restore_config.cgi
/cgi-bin/ruby.rb
/cgi-bin/search
/cgi-bin/search.cgi
/cgi-bin/server.php
/cgi-bin/status
/cgi-bin/sysinfo.pl
/cgi-bin/test
/cgi-bin/test-cgi
/cgi-bin/test.cgi
/cgi-bin/test_cgi.php
/cgi-bin/test.cgi.php
/cgi-bin/test_cgi.pl
/cgi-bin/test-cgi.pl
/cgi-bin/test.py
/cgi-bin/test.sh
/cgi-bin/tmUnblock.cgi
/cgi-bin/uname.cgi
/cgi-bin/viewcvs.cgi
/cgi-bin/welcome
/cgi-bin/whois.cgi
/ows-bin/admin.cgi
/ows-bin/administrator.cgi
/ows-bin/authLogin.cgi
/ows-bin/bb-hist.sh
/ows-bin/banner.cgi
/ows-bin/book.cgi
/ows-bin/cgiinfo.cgi
/ows-bin/cgitest.py
/ows-bin/cgi_wrapper
/ows-bin/contact.cgi
/ows-bin/count.cgi
/ows-bin/defaultwebpage.cgi
/ows-bin/download.cgi
/ows-bin/entropysearch.cgi
/ows-bin/env.cgi
/ows-bin/environment.cgi
/ows-bin/ezmlm-browse
/ows-bin/formmail.cgi
/ows-bin/FormMail-clone.cgi
/ows-bin/guestbook.cgi
/ows-bin/helpdesk.cgi
/ows-bin/index.cgi
/ows-bin/index.php
/ows-bin/index.pl
/ows-bin/info.cgi
/ows-bin/info.sh
/ows-bin/loadpage.cgi
/ows-bin/login.cgi
/ows-bin/login.php
/ows-bin/login.pl
/ows-bin/pathtest.pl
/ows-bin/php
/ows-bin/php4
/ows-bin/php5
/ows-bin/php-cgi
/ows-bin/php.cgi
/ows-bin/php.fcgi
/ows-bin/printenv
/ows-bin/restore_config.cgi
/ows-bin/ruby.rb
/ows-bin/search
/ows-bin/search.cgi
/ows-bin/server.php
/ows-bin/status
/ows-bin/sysinfo.pl
/ows-bin/test
/ows-bin/test-cgi
/ows-bin/test.cgi
/ows-bin/test_cgi.php
/ows-bin/test.cgi.php
/ows-bin/test_cgi.pl
/ows-bin/test-cgi.pl
/ows-bin/test.py
/ows-bin/test.sh
/ows-bin/tmUnblock.cgi
/ows-bin/uname.cgi
/ows-bin/viewcvs.cgi
/ows-bin/welcome
/ows-bin/whois.cgi
/cgi-sys/admin.cgi
/cgi-sys/administrator.cgi
/cgi-sys/authLogin.cgi
/cgi-sys/bb-hist.sh
/cgi-sys/banner.cgi
/cgi-sys/book.cgi
/cgi-sys/cgiinfo.cgi
/cgi-sys/cgitest.py
/cgi-sys/cgi_wrapper
/cgi-sys/contact.cgi
/cgi-sys/count.cgi
/cgi-sys/defaultwebpage.cgi
/cgi-sys/download.cgi
/cgi-sys/entropysearch.cgi
/cgi-sys/env.cgi
/cgi-sys/environment.cgi
/cgi-sys/ezmlm-browse
/cgi-sys/formmail.cgi
/cgi-sys/FormMail-clone.cgi
/cgi-sys/guestbook.cgi
/cgi-sys/helpdesk.cgi
/cgi-sys/index.cgi
/cgi-sys/index.php
/cgi-sys/index.pl
/cgi-sys/info.cgi
/cgi-sys/info.sh
/cgi-sys/loadpage.cgi
/cgi-sys/login.cgi
/cgi-sys/login.php
/cgi-sys/login.pl
/cgi-sys/pathtest.pl
/cgi-sys/php
/cgi-sys/php4
/cgi-sys/php5
/cgi-sys/php-cgi
/cgi-sys/php.cgi
/cgi-sys/php.fcgi
/cgi-sys/printenv
/cgi-sys/restore_config.cgi
/cgi-sys/ruby.rb
/cgi-sys/search
/cgi-sys/search.cgi
/cgi-sys/server.php
/cgi-sys/status
/cgi-sys/sysinfo.pl
/cgi-sys/test
/cgi-sys/test-cgi
/cgi-sys/test.cgi
/cgi-sys/test_cgi.php
/cgi-sys/test.cgi.php
/cgi-sys/test_cgi.pl
/cgi-sys/test-cgi.pl
/cgi-sys/test.py
/cgi-sys/test.sh
/cgi-sys/tmUnblock.cgi
/cgi-sys/uname.cgi
/cgi-sys/viewcvs.cgi
/cgi-sys/welcome
/cgi-sys/whois.cgi
/cgi-local/admin.cgi
/cgi-local/administrator.cgi
/cgi-local/authLogin.cgi
/cgi-local/bb-hist.sh
/cgi-local/banner.cgi
/cgi-local/book.cgi
/cgi-local/cgiinfo.cgi
/cgi-local/cgitest.py
/cgi-local/cgi_wrapper
/cgi-local/contact.cgi
/cgi-local/count.cgi
/cgi-local/defaultwebpage.cgi
/cgi-local/download.cgi
/cgi-local/entropysearch.cgi
/cgi-local/env.cgi
/cgi-local/environment.cgi
/cgi-local/ezmlm-browse
/cgi-local/formmail.cgi
/cgi-local/FormMail-clone.cgi
/cgi-local/guestbook.cgi
/cgi-local/helpdesk.cgi
/cgi-local/index.cgi
/cgi-local/index.php
/cgi-local/index.pl
/cgi-local/info.cgi
/cgi-local/info.sh
/cgi-local/loadpage.cgi
/cgi-local/login.cgi
/cgi-local/login.php
/cgi-local/login.pl
/cgi-local/pathtest.pl
/cgi-local/php
/cgi-local/php4
/cgi-local/php5
/cgi-local/php-cgi
/cgi-local/php.cgi
/cgi-local/php.fcgi
/cgi-local/printenv
/cgi-local/restore_config.cgi
/cgi-local/ruby.rb
/cgi-local/search
/cgi-local/search.cgi
/cgi-local/server.php
/cgi-local/status
/cgi-local/sysinfo.pl
/cgi-local/test
/cgi-local/test-cgi
/cgi-local/test.cgi
/cgi-local/test_cgi.php
/cgi-local/test.cgi.php
/cgi-local/test_cgi.pl
/cgi-local/test-cgi.pl
/cgi-local/test.py
/cgi-local/test.sh
/cgi-local/tmUnblock.cgi
/cgi-local/uname.cgi
/cgi-local/viewcvs.cgi
/cgi-local/welcome
/cgi-local/whois.cgi
/htbin/admin.cgi
/htbin/administrator.cgi
/htbin/authLogin.cgi
/htbin/bb-hist.sh
/htbin/banner.cgi
/htbin/book.cgi
/htbin/cgiinfo.cgi
/htbin/cgitest.py
/htbin/cgi_wrapper
/htbin/contact.cgi
/htbin/count.cgi
/htbin/defaultwebpage.cgi
/htbin/download.cgi
/htbin/entropysearch.cgi
/htbin/env.cgi
/htbin/environment.cgi
/htbin/ezmlm-browse
/htbin/formmail.cgi
/htbin/FormMail-clone.cgi
/htbin/guestbook.cgi
/htbin/helpdesk.cgi
/htbin/index.cgi
/htbin/index.php
/htbin/index.pl
/htbin/info.cgi
/htbin/info.sh
/htbin/loadpage.cgi
/htbin/login.cgi
/htbin/login.php
/htbin/login.pl
/htbin/pathtest.pl
/htbin/php
/htbin/php4
/htbin/php5
/htbin/php-cgi
/htbin/php.cgi
/htbin/php.fcgi
/htbin/printenv
/htbin/restore_config.cgi
/htbin/ruby.rb
/htbin/search
/htbin/search.cgi
/htbin/server.php
/htbin/status
/htbin/sysinfo.pl
/htbin/test
/htbin/test-cgi
/htbin/test.cgi
/htbin/test_cgi.php
/htbin/test.cgi.php
/htbin/test_cgi.pl
/htbin/test-cgi.pl
/htbin/test.py
/htbin/test.sh
/htbin/tmUnblock.cgi
/htbin/uname.cgi
/htbin/viewcvs.cgi
/htbin/welcome
/htbin/whois.cgi
/cgibin/admin.cgi
/cgibin/administrator.cgi
/cgibin/authLogin.cgi
/cgibin/bb-hist.sh
/cgibin/banner.cgi
/cgibin/book.cgi
/cgibin/cgiinfo.cgi
/cgibin/cgitest.py
/cgibin/cgi_wrapper
/cgibin/contact.cgi
/cgibin/count.cgi
/cgibin/defaultwebpage.cgi
/cgibin/download.cgi
/cgibin/entropysearch.cgi
/cgibin/env.cgi
/cgibin/environment.cgi
/cgibin/ezmlm-browse
/cgibin/formmail.cgi
/cgibin/FormMail-clone.cgi
/cgibin/guestbook.cgi
/cgibin/helpdesk.cgi
/cgibin/index.cgi
/cgibin/index.php
/cgibin/index.pl
/cgibin/info.cgi
/cgibin/info.sh
/cgibin/loadpage.cgi
/cgibin/login.cgi
/cgibin/login.php
/cgibin/login.pl
/cgibin/pathtest.pl
/cgibin/php
/cgibin/php4
/cgibin/php5
/cgibin/php-cgi
/cgibin/php.cgi
/cgibin/php.fcgi
/cgibin/printenv
/cgibin/restore_config.cgi
/cgibin/ruby.rb
/cgibin/search
/cgibin/search.cgi
/cgibin/server.php
/cgibin/status
/cgibin/sysinfo.pl
/cgibin/test
/cgibin/test-cgi
/cgibin/test.cgi
/cgibin/test_cgi.php
/cgibin/test.cgi.php
/cgibin/test_cgi.pl
/cgibin/test-cgi.pl
/cgibin/test.py
/cgibin/test.sh
/cgibin/tmUnblock.cgi
/cgibin/uname.cgi
/cgibin/viewcvs.cgi
/cgibin/welcome
/cgibin/whois.cgi
/cgis/admin.cgi
/cgis/administrator.cgi
/cgis/authLogin.cgi
/cgis/bb-hist.sh
/cgis/banner.cgi
/cgis/book.cgi
/cgis/cgiinfo.cgi
/cgis/cgitest.py
/cgis/cgi_wrapper
/cgis/contact.cgi
/cgis/count.cgi
/cgis/defaultwebpage.cgi
/cgis/download.cgi
/cgis/entropysearch.cgi
/cgis/env.cgi
/cgis/environment.cgi
/cgis/ezmlm-browse
/cgis/formmail.cgi
/cgis/FormMail-clone.cgi
/cgis/guestbook.cgi
/cgis/helpdesk.cgi
/cgis/index.cgi
/cgis/index.php
/cgis/index.pl
/cgis/info.cgi
/cgis/info.sh
/cgis/loadpage.cgi
/cgis/login.cgi
/cgis/login.php
/cgis/login.pl
/cgis/pathtest.pl
/cgis/php
/cgis/php4
/cgis/php5
/cgis/php-cgi
/cgis/php.cgi
/cgis/php.fcgi
/cgis/printenv
/cgis/restore_config.cgi
/cgis/ruby.rb
/cgis/search
/cgis/search.cgi
/cgis/server.php
/cgis/status
/cgis/sysinfo.pl
/cgis/test
/cgis/test-cgi
/cgis/test.cgi
/cgis/test_cgi.php
/cgis/test.cgi.php
/cgis/test_cgi.pl
/cgis/test-cgi.pl
/cgis/test.py
/cgis/test.sh
/cgis/tmUnblock.cgi
/cgis/uname.cgi
/cgis/viewcvs.cgi
/cgis/welcome
/cgis/whois.cgi
/scripts/admin.cgi
/scripts/administrator.cgi
/scripts/authLogin.cgi
/scripts/bb-hist.sh
/scripts/banner.cgi
/scripts/book.cgi
/scripts/cgiinfo.cgi
/scripts/cgitest.py
/scripts/cgi_wrapper
/scripts/contact.cgi
/scripts/count.cgi
/scripts/defaultwebpage.cgi
/scripts/download.cgi
/scripts/entropysearch.cgi
/scripts/env.cgi
/scripts/environment.cgi
/scripts/ezmlm-browse
/scripts/formmail.cgi
/scripts/FormMail-clone.cgi
/scripts/guestbook.cgi
/scripts/helpdesk.cgi
/scripts/index.cgi
/scripts/index.php
/scripts/index.pl
/scripts/info.cgi
/scripts/info.sh
/scripts/loadpage.cgi
/scripts/login.cgi
/scripts/login.php
/scripts/login.pl
/scripts/pathtest.pl
/scripts/php
/scripts/php4
/scripts/php5
/scripts/php-cgi
/scripts/php.cgi
/scripts/php.fcgi
/scripts/printenv
/scripts/restore_config.cgi
/scripts/ruby.rb
/scripts/search
/scripts/search.cgi
/scripts/server.php
/scripts/status
/scripts/sysinfo.pl
/scripts/test
/scripts/test-cgi
/scripts/test.cgi
/scripts/test_cgi.php
/scripts/test.cgi.php
/scripts/test_cgi.pl
/scripts/test-cgi.pl
/scripts/test.py
/scripts/test.sh
/scripts/tmUnblock.cgi
/scripts/uname.cgi
/scripts/viewcvs.cgi
/scripts/welcome
/scripts/whois.cgi
/cgi-win/admin.cgi
/cgi-win/administrator.cgi
/cgi-win/authLogin.cgi
/cgi-win/bb-hist.sh
/cgi-win/banner.cgi
/cgi-win/book.cgi
/cgi-win/cgiinfo.cgi
/cgi-win/cgitest.py
/cgi-win/cgi_wrapper
/cgi-win/contact.cgi
/cgi-win/count.cgi
/cgi-win/defaultwebpage.cgi
/cgi-win/download.cgi
/cgi-win/entropysearch.cgi
/cgi-win/env.cgi
/cgi-win/environment.cgi
/cgi-win/ezmlm-browse
/cgi-win/formmail.cgi
/cgi-win/FormMail-clone.cgi
/cgi-win/guestbook.cgi
/cgi-win/helpdesk.cgi
/cgi-win/index.cgi
/cgi-win/index.php
/cgi-win/index.pl
/cgi-win/info.cgi
/cgi-win/info.sh
/cgi-win/loadpage.cgi
/cgi-win/login.cgi
/cgi-win/login.php
/cgi-win/login.pl
/cgi-win/pathtest.pl
/cgi-win/php
/cgi-win/php4
/cgi-win/php5
/cgi-win/php-cgi
/cgi-win/php.cgi
/cgi-win/php.fcgi
/cgi-win/printenv
/cgi-win/restore_config.cgi
/cgi-win/ruby.rb
/cgi-win/search
/cgi-win/search.cgi
/cgi-win/server.php
/cgi-win/status
/cgi-win/sysinfo.pl
/cgi-win/test
/cgi-win/test-cgi
/cgi-win/test.cgi
/cgi-win/test_cgi.php
/cgi-win/test.cgi.php
/cgi-win/test_cgi.pl
/cgi-win/test-cgi.pl
/cgi-win/test.py
/cgi-win/test.sh
/cgi-win/tmUnblock.cgi
/cgi-win/uname.cgi
/cgi-win/viewcvs.cgi
/cgi-win/welcome
/cgi-win/whois.cgi
/fcgi-bin/admin.cgi
/fcgi-bin/administrator.cgi
/fcgi-bin/authLogin.cgi
/fcgi-bin/bb-hist.sh
/fcgi-bin/banner.cgi
/fcgi-bin/book.cgi
/fcgi-bin/cgiinfo.cgi
/fcgi-bin/cgitest.py
/fcgi-bin/cgi_wrapper
/fcgi-bin/contact.cgi
/fcgi-bin/count.cgi
/fcgi-bin/defaultwebpage.cgi
/fcgi-bin/download.cgi
/fcgi-bin/entropysearch.cgi
/fcgi-bin/env.cgi
/fcgi-bin/environment.cgi
/fcgi-bin/ezmlm-browse
/fcgi-bin/formmail.cgi
/fcgi-bin/FormMail-clone.cgi
/fcgi-bin/guestbook.cgi
/fcgi-bin/helpdesk.cgi
/fcgi-bin/index.cgi
/fcgi-bin/index.php
/fcgi-bin/index.pl
/fcgi-bin/info.cgi
/fcgi-bin/info.sh
/fcgi-bin/loadpage.cgi
/fcgi-bin/login.cgi
/fcgi-bin/login.php
/fcgi-bin/login.pl
/fcgi-bin/pathtest.pl
/fcgi-bin/php
/fcgi-bin/php4
/fcgi-bin/php5
/fcgi-bin/php-cgi
/fcgi-bin/php.cgi
/fcgi-bin/php.fcgi
/fcgi-bin/printenv
/fcgi-bin/restore_config.cgi
/fcgi-bin/ruby.rb
/fcgi-bin/search
/fcgi-bin/search.cgi
/fcgi-bin/server.php
/fcgi-bin/status
/fcgi-bin/sysinfo.pl
/fcgi-bin/test
/fcgi-bin/test-cgi
/fcgi-bin/test.cgi
/fcgi-bin/test_cgi.php
/fcgi-bin/test.cgi.php
/fcgi-bin/test_cgi.pl
/fcgi-bin/test-cgi.pl
/fcgi-bin/test.py
/fcgi-bin/test.sh
/fcgi-bin/tmUnblock.cgi
/fcgi-bin/uname.cgi
/fcgi-bin/viewcvs.cgi
/fcgi-bin/welcome
/fcgi-bin/whois.cgi
/cgi-exe/admin.cgi
/cgi-exe/administrator.cgi
/cgi-exe/authLogin.cgi
/cgi-exe/bb-hist.sh
/cgi-exe/banner.cgi
/cgi-exe/book.cgi
/cgi-exe/cgiinfo.cgi
/cgi-exe/cgitest.py
/cgi-exe/cgi_wrapper
/cgi-exe/contact.cgi
/cgi-exe/count.cgi
/cgi-exe/defaultwebpage.cgi
/cgi-exe/download.cgi
/cgi-exe/entropysearch.cgi
/cgi-exe/env.cgi
/cgi-exe/environment.cgi
/cgi-exe/ezmlm-browse
/cgi-exe/formmail.cgi
/cgi-exe/FormMail-clone.cgi
/cgi-exe/guestbook.cgi
/cgi-exe/helpdesk.cgi
/cgi-exe/index.cgi
/cgi-exe/index.php
/cgi-exe/index.pl
/cgi-exe/info.cgi
/cgi-exe/info.sh
/cgi-exe/loadpage.cgi
/cgi-exe/login.cgi
/cgi-exe/login.php
/cgi-exe/login.pl
/cgi-exe/pathtest.pl
/cgi-exe/php
/cgi-exe/php4
/cgi-exe/php5
/cgi-exe/php-cgi
/cgi-exe/php.cgi
/cgi-exe/php.fcgi
/cgi-exe/printenv
/cgi-exe/restore_config.cgi
/cgi-exe/ruby.rb
/cgi-exe/search
/cgi-exe/search.cgi
/cgi-exe/server.php
/cgi-exe/status
/cgi-exe/sysinfo.pl
/cgi-exe/test
/cgi-exe/test-cgi
/cgi-exe/test.cgi
/cgi-exe/test_cgi.php
/cgi-exe/test.cgi.php
/cgi-exe/test_cgi.pl
/cgi-exe/test-cgi.pl
/cgi-exe/test.py
/cgi-exe/test.sh
/cgi-exe/tmUnblock.cgi
/cgi-exe/uname.cgi
/cgi-exe/viewcvs.cgi
/cgi-exe/welcome
/cgi-exe/whois.cgi
/cgi-home/admin.cgi
/cgi-home/administrator.cgi
/cgi-home/authLogin.cgi
/cgi-home/bb-hist.sh
/cgi-home/banner.cgi
/cgi-home/book.cgi
/cgi-home/cgiinfo.cgi
/cgi-home/cgitest.py
/cgi-home/cgi_wrapper
/cgi-home/contact.cgi
/cgi-home/count.cgi
/cgi-home/defaultwebpage.cgi
/cgi-home/download.cgi
/cgi-home/entropysearch.cgi
/cgi-home/env.cgi
/cgi-home/environment.cgi
/cgi-home/ezmlm-browse
/cgi-home/formmail.cgi
/cgi-home/FormMail-clone.cgi
/cgi-home/guestbook.cgi
/cgi-home/helpdesk.cgi
/cgi-home/index.cgi
/cgi-home/index.php
/cgi-home/index.pl
/cgi-home/info.cgi
/cgi-home/info.sh
/cgi-home/loadpage.cgi
/cgi-home/login.cgi
/cgi-home/login.php
/cgi-home/login.pl
/cgi-home/pathtest.pl
/cgi-home/php
/cgi-home/php4
/cgi-home/php5
/cgi-home/php-cgi
/cgi-home/php.cgi
/cgi-home/php.fcgi
/cgi-home/printenv
/cgi-home/restore_config.cgi
/cgi-home/ruby.rb
/cgi-home/search
/cgi-home/search.cgi
/cgi-home/server.php
/cgi-home/status
/cgi-home/sysinfo.pl
/cgi-home/test
/cgi-home/test-cgi
/cgi-home/test.cgi
/cgi-home/test_cgi.php
/cgi-home/test.cgi.php
/cgi-home/test_cgi.pl
/cgi-home/test-cgi.pl
/cgi-home/test.py
/cgi-home/test.sh
/cgi-home/tmUnblock.cgi
/cgi-home/uname.cgi
/cgi-home/viewcvs.cgi
/cgi-home/welcome
/cgi-home/whois.cgi
/cgi-perl/admin.cgi
/cgi-perl/administrator.cgi
/cgi-perl/authLogin.cgi
/cgi-perl/bb-hist.sh
/cgi-perl/banner.cgi
/cgi-perl/book.cgi
/cgi-perl/cgiinfo.cgi
/cgi-perl/cgitest.py
/cgi-perl/cgi_wrapper
/cgi-perl/contact.cgi
/cgi-perl/count.cgi
/cgi-perl/defaultwebpage.cgi
/cgi-perl/download.cgi
/cgi-perl/entropysearch.cgi
/cgi-perl/env.cgi
/cgi-perl/environment.cgi
/cgi-perl/ezmlm-browse
/cgi-perl/formmail.cgi
/cgi-perl/FormMail-clone.cgi
/cgi-perl/guestbook.cgi
/cgi-perl/helpdesk.cgi
/cgi-perl/index.cgi
/cgi-perl/index.php
/cgi-perl/index.pl
/cgi-perl/info.cgi
/cgi-perl/info.sh
/cgi-perl/loadpage.cgi
/cgi-perl/login.cgi
/cgi-perl/login.php
/cgi-perl/login.pl
/cgi-perl/pathtest.pl
/cgi-perl/php
/cgi-perl/php4
/cgi-perl/php5
/cgi-perl/php-cgi
/cgi-perl/php.cgi
/cgi-perl/php.fcgi
/cgi-perl/printenv
/cgi-perl/restore_config.cgi
/cgi-perl/ruby.rb
/cgi-perl/search
/cgi-perl/search.cgi
/cgi-perl/server.php
/cgi-perl/status
/cgi-perl/sysinfo.pl
/cgi-perl/test
/cgi-perl/test-cgi
/cgi-perl/test.cgi
/cgi-perl/test_cgi.php
/cgi-perl/test.cgi.php
/cgi-perl/test_cgi.pl
/cgi-perl/test-cgi.pl
/cgi-perl/test.py
/cgi-perl/test.sh
/cgi-perl/tmUnblock.cgi
/cgi-perl/uname.cgi
/cgi-perl/viewcvs.cgi
/cgi-perl/welcome
/cgi-perl/whois.cgi
/scgi-bin/admin.cgi
/scgi-bin/administrator.cgi
/scgi-bin/authLogin.cgi
/scgi-bin/bb-hist.sh
/scgi-bin/banner.cgi
/scgi-bin/book.cgi
/scgi-bin/cgiinfo.cgi
/scgi-bin/cgitest.py
/scgi-bin/cgi_wrapper
/scgi-bin/contact.cgi
/scgi-bin/count.cgi
/scgi-bin/defaultwebpage.cgi
/scgi-bin/download.cgi
/scgi-bin/entropysearch.cgi
/scgi-bin/env.cgi
/scgi-bin/environment.cgi
/scgi-bin/ezmlm-browse
/scgi-bin/formmail.cgi
/scgi-bin/FormMail-clone.cgi
/scgi-bin/guestbook.cgi
/scgi-bin/helpdesk.cgi
/scgi-bin/index.cgi
/scgi-bin/index.php
/scgi-bin/index.pl
/scgi-bin/info.cgi
/scgi-bin/info.sh
/scgi-bin/loadpage.cgi
/scgi-bin/login.cgi
/scgi-bin/login.php
/scgi-bin/login.pl
/scgi-bin/pathtest.pl
/scgi-bin/php
/scgi-bin/php4
/scgi-bin/php5
/scgi-bin/php-cgi
/scgi-bin/php.cgi
/scgi-bin/php.fcgi
/scgi-bin/printenv
/scgi-bin/restore_config.cgi
/scgi-bin/ruby.rb
/scgi-bin/search
/scgi-bin/search.cgi
/scgi-bin/server.php
/scgi-bin/status
/scgi-bin/sysinfo.pl
/scgi-bin/test
/scgi-bin/test-cgi
/scgi-bin/test.cgi
/scgi-bin/test_cgi.php
/scgi-bin/test.cgi.php
/scgi-bin/test_cgi.pl
/scgi-bin/test-cgi.pl
/scgi-bin/test.py
/scgi-bin/test.sh
/scgi-bin/tmUnblock.cgi
/scgi-bin/uname.cgi
/scgi-bin/viewcvs.cgi
/scgi-bin/welcome
/scgi-bin/whois.cgi
/cgi-bin-sdb/admin.cgi
/cgi-bin-sdb/administrator.cgi
/cgi-bin-sdb/authLogin.cgi
/cgi-bin-sdb/bb-hist.sh
/cgi-bin-sdb/banner.cgi
/cgi-bin-sdb/book.cgi
/cgi-bin-sdb/cgiinfo.cgi
/cgi-bin-sdb/cgitest.py
/cgi-bin-sdb/cgi_wrapper
/cgi-bin-sdb/contact.cgi
/cgi-bin-sdb/count.cgi
/cgi-bin-sdb/defaultwebpage.cgi
/cgi-bin-sdb/download.cgi
/cgi-bin-sdb/entropysearch.cgi
/cgi-bin-sdb/env.cgi
/cgi-bin-sdb/environment.cgi
/cgi-bin-sdb/ezmlm-browse
/cgi-bin-sdb/formmail.cgi
/cgi-bin-sdb/FormMail-clone.cgi
/cgi-bin-sdb/guestbook.cgi
/cgi-bin-sdb/helpdesk.cgi
/cgi-bin-sdb/index.cgi
/cgi-bin-sdb/index.php
/cgi-bin-sdb/index.pl
/cgi-bin-sdb/info.cgi
/cgi-bin-sdb/info.sh
/cgi-bin-sdb/loadpage.cgi
/cgi-bin-sdb/login.cgi
/cgi-bin-sdb/login.php
/cgi-bin-sdb/login.pl
/cgi-bin-sdb/pathtest.pl
/cgi-bin-sdb/php
/cgi-bin-sdb/php4
/cgi-bin-sdb/php5
/cgi-bin-sdb/php-cgi
/cgi-bin-sdb/php.cgi
/cgi-bin-sdb/php.fcgi
/cgi-bin-sdb/printenv
/cgi-bin-sdb/restore_config.cgi
/cgi-bin-sdb/ruby.rb
/cgi-bin-sdb/search
/cgi-bin-sdb/search.cgi
/cgi-bin-sdb/server.php
/cgi-bin-sdb/status
/cgi-bin-sdb/sysinfo.pl
/cgi-bin-sdb/test
/cgi-bin-sdb/test-cgi
/cgi-bin-sdb/test.cgi
/cgi-bin-sdb/test_cgi.php
/cgi-bin-sdb/test.cgi.php
/cgi-bin-sdb/test_cgi.pl
/cgi-bin-sdb/test-cgi.pl
/cgi-bin-sdb/test.py
/cgi-bin-sdb/test.sh
/cgi-bin-sdb/tmUnblock.cgi
/cgi-bin-sdb/uname.cgi
/cgi-bin-sdb/viewcvs.cgi
/cgi-bin-sdb/welcome
/cgi-bin-sdb/whois.cgi
/cgi-mod/admin.cgi
/cgi-mod/administrator.cgi
/cgi-mod/authLogin.cgi
/cgi-mod/bb-hist.sh
/cgi-mod/banner.cgi
/cgi-mod/book.cgi
/cgi-mod/cgiinfo.cgi
/cgi-mod/cgitest.py
/cgi-mod/cgi_wrapper
/cgi-mod/contact.cgi
/cgi-mod/count.cgi
/cgi-mod/defaultwebpage.cgi
/cgi-mod/download.cgi
/cgi-mod/entropysearch.cgi
/cgi-mod/env.cgi
/cgi-mod/environment.cgi
/cgi-mod/ezmlm-browse
/cgi-mod/formmail.cgi
/cgi-mod/FormMail-clone.cgi
/cgi-mod/guestbook.cgi
/cgi-mod/helpdesk.cgi
/cgi-mod/index.cgi
/cgi-mod/index.php
/cgi-mod/index.pl
/cgi-mod/info.cgi
/cgi-mod/info.sh
/cgi-mod/loadpage.cgi
/cgi-mod/login.cgi
/cgi-mod/login.php
/cgi-mod/login.pl
/cgi-mod/pathtest.pl
/cgi-mod/php
/cgi-mod/php4
/cgi-mod/php5
/cgi-mod/php-cgi
/cgi-mod/php.cgi
/cgi-mod/php.fcgi
/cgi-mod/printenv
/cgi-mod/restore_config.cgi
/cgi-mod/ruby.rb
/cgi-mod/search
/cgi-mod/search.cgi
/cgi-mod/server.php
/cgi-mod/status
/cgi-mod/sysinfo.pl
/cgi-mod/test
/cgi-mod/test-cgi
/cgi-mod/test.cgi
/cgi-mod/test_cgi.php
/cgi-mod/test.cgi.php
/cgi-mod/test_cgi.pl
/cgi-mod/test-cgi.pl
/cgi-mod/test.py
/cgi-mod/test.sh
/cgi-mod/tmUnblock.cgi
/cgi-mod/uname.cgi
/cgi-mod/viewcvs.cgi
/cgi-mod/welcome
/cgi-mod/whois.cgi
